apiVersion: v1
data: {}
kind: Secret
metadata:
  annotations: {}
  labels:
    name: api-server-cluster-certificate-foo
  name: api-server-cluster-certificate-foo
  namespace: openshift-config
stringData:
  tls.crt: THECERTTIFICATE
  tls.key: THEKEY
type: kubernetes.io/tls
