apiVersion: config.openshift.io/v1
kind: APIServer
metadata:
  annotations:
    argocd.argoproj.io/sync-wave: '10'
    oauth-apiserver.openshift.io/secure-token-storage: 'true'
    release.openshift.io/create-only: 'true'
  name: cluster
spec:
  audit:
    profile: Default
  servingCerts:
    namedCertificates:
      - names:
          - bar.vshn.ch
          - buzz.vshn.ch
        servingCertificate:
          name: api-server-cluster-certificate-bar
      - names:
          - foo.vshn.ch
        servingCertificate:
          name: api-server-cluster-certificate-foo
